// Jest Snapshot v1, https://goo.gl/fbAQLP

exports[`huiButton Snap renders HuiButton - block 1`] = `"<button style=\\"background:;border-color:;\\" class=\\"hui-button medium primary radius-default\\">undefined<div>undefined<div class=\\"content-wrapper\\"><div class=\\"\\">按钮文字</div>undefined</div>undefined</div>undefined</button>"`;

exports[`huiButton Snap renders HuiButton - color 1`] = `"<div><button style=\\"background:#ed3737;border-color:#ed3737;\\" class=\\"hui-button small primary radius-default inline\\">undefined<div>undefined<div class=\\"content-wrapper\\"><div class=\\"\\">按钮文字</div>undefined</div>undefined</div>undefined</button><button style=\\"background:#ff6c00;border-color:#ff6c00;\\" class=\\"hui-button small primary radius-default inline\\">undefined<div>undefined<div class=\\"content-wrapper\\"><div class=\\"\\">按钮文字</div>undefined</div>undefined</div>undefined</button></div>"`;

exports[`huiButton Snap renders HuiButton - disabled 1`] = `"<button style=\\"background:;border-color:;\\" disabled class=\\"hui-button medium primary radius-default disabled inline\\">undefined<div>undefined<div class=\\"content-wrapper\\"><div class=\\"\\">按钮文字</div>undefined</div>undefined</div>undefined</button>"`;

exports[`huiButton Snap renders HuiButton - extra 1`] = `"<button style=\\"background:;border-color:;\\" class=\\"hui-button large primary radius-default inline\\">undefined<div>undefined<div class=\\"content-wrapper\\"><div class=\\"\\">按钮文字</div><div class=\\"extra\\">辅助文字</div></div>undefined</div>undefined</button>"`;

exports[`huiButton Snap renders HuiButton - extra with size m 1`] = `"<button style=\\"background:;border-color:;\\" class=\\"hui-button medium primary radius-default inline\\">undefined<div>undefined<div class=\\"content-wrapper\\"><div class=\\"\\">按钮文字</div><div class=\\"extra\\">辅助文字</div></div>undefined</div>undefined</button>"`;

exports[`huiButton Snap renders HuiButton - icon 1`] = `"<div><button style=\\"background:;border-color:;\\" class=\\"hui-button medium primary radius-default inline\\">undefined<div><div style=\\"color:inherit;font-size:0.5974rem;margin-right:0.384rem;\\" class=\\"hui-icons hui-icon-001-success\\"></div><div class=\\"content-wrapper\\"><div class=\\"\\">按钮文字</div>undefined</div>undefined</div>undefined</button><button style=\\"background:;border-color:;\\" class=\\"hui-button medium primary radius-default inline\\">undefined<div>undefined<div class=\\"content-wrapper\\"><div class=\\"\\">按钮文字</div>undefined</div><div style=\\"color:inherit;font-size:0.5974rem;margin-left:0.384rem;\\" class=\\"hui-icons hui-icon-001-success\\"></div></div>undefined</button></div>"`;

exports[`huiButton Snap renders HuiButton - size 1`] = `"<div><button style=\\"background:;border-color:;\\" class=\\"hui-button small primary radius-default inline\\">undefined<div>undefined<div class=\\"content-wrapper\\"><div class=\\"\\">按钮文字</div>undefined</div>undefined</div>undefined</button><button style=\\"background:;border-color:;\\" class=\\"hui-button medium primary radius-default inline\\">undefined<div>undefined<div class=\\"content-wrapper\\"><div class=\\"\\">按钮文字</div>undefined</div>undefined</div>undefined</button><button style=\\"background:;border-color:;\\" class=\\"hui-button large primary radius-default inline\\">undefined<div>undefined<div class=\\"content-wrapper\\"><div class=\\"\\">按钮文字</div>undefined</div>undefined</div>undefined</button></div>"`;

exports[`huiButton Snap renders HuiButton - type 1`] = `"<button style=\\"background:;border-color:;\\" class=\\"hui-button medium primary radius-default inline\\">undefined<div>undefined<div class=\\"content-wrapper\\"><div class=\\"\\">主操作按钮</div>undefined</div>undefined</div>undefined</button>"`;

exports[`huiButton Snap renders HuiButton - width 1`] = `"<button style=\\"width:8.0214rem;background:;border-color:;\\" class=\\"hui-button medium primary radius-default inline\\">undefined<div>undefined<div class=\\"content-wrapper\\"><div class=\\"\\">自定义宽度</div>undefined</div>undefined</div>undefined</button>"`;

exports[`huiButton Snap renders HuiButton 1`] = `"<button style=\\"background:;border-color:;\\" class=\\"hui-button medium primary radius-default inline\\">undefined<div>undefined<div class=\\"content-wrapper\\"><div class=\\"\\">按钮文字</div>undefined</div>undefined</div>undefined</button>"`;
